Analyzing bondnex...                                            

  error - Target of URI doesn't exist: 'home_page.dart' - lib\screens\auth\auth_wrapper.dart:9:8 - uri_does_not_exist
  error - The name 'HomePage' isn't a class - lib\screens\auth\auth_wrapper.dart:31:24 - creation_with_non_type
  error - Target of URI doesn't exist: 'home_page.dart' - lib\screens\auth\email_verification_screen.dart:6:8 - uri_does_not_exist
  error - The name 'HomePage' isn't a class - lib\screens\auth\email_verification_screen.dart:79:55 - creation_with_non_type
  error - Target of URI doesn't exist: 'home_page.dart' - lib\screens\auth\login_screen.dart:12:8 - uri_does_not_exist
  error - The name 'HomePage' isn't a class - lib\screens\auth\login_screen.dart:56:59 - creation_with_non_type
  error - Target of URI doesn't exist: 'public_profile_screen.dart' - lib\screens\communication\message_screen.dart:9:8 - uri_does_not_exist
  error - The method 'PublicProfileScreen' isn't defined for the type '_MessageScreenState' - lib\screens\communication\message_screen.dart:226:39 - undefined_method
  error - The method 'PublicProfileScreen' isn't defined for the type '_MessageScreenState' - lib\screens\communication\message_screen.dart:273:47 - undefined_method
  error - Target of URI doesn't exist: 'public_profile_screen.dart' - lib\screens\communication\notification_screen.dart:15:8 - uri_does_not_exist
  error - The method 'PublicProfileScreen' isn't defined for the type '_NotificationScreenState' - lib\screens\communication\notification_screen.dart:192:45 - undefined_method
  error - The method 'PublicProfileScreen' isn't defined for the type '_NotificationScreenState' - lib\screens\communication\notification_screen.dart:249:47 - undefined_method
  error - Target of URI doesn't exist: 'notification_screen.dart' - lib\screens\dashboard\dashboard_screen.dart:15:8 - uri_does_not_exist
  error - Target of URI doesn't exist: 'partner_profile_screen.dart' - lib\screens\dashboard\dashboard_screen.dart:16:8 - uri_does_not_exist
  error - Target of URI doesn't exist: 'public_profile_screen.dart' - lib\screens\dashboard\dashboard_screen.dart:17:8 - uri_does_not_exist
  error - The name 'NotificationScreen' isn't a class - lib\screens\dashboard\dashboard_screen.dart:397:47 - creation_with_non_type
  error - The name 'PartnerProfileScreen' isn't a class - lib\screens\dashboard\dashboard_screen.dart:549:55 - creation_with_non_type
  error - The method 'PublicProfileScreen' isn't defined for the type '_DashboardScreenState' - lib\screens\dashboard\dashboard_screen.dart:953:53 - undefined_method
  error - Target of URI doesn't exist: 'message_screen.dart' - lib\screens\dashboard\home_page.dart:15:8 - uri_does_not_exist
  error - The method 'MessageScreen' isn't defined for the type '_HomePageState' - lib\screens\dashboard\home_page.dart:41:13 - undefined_method
  error - The values in a const list literal must be constants - lib\screens\dashboard\home_page.dart:41:13 - non_constant_list_element
  error - Target of URI doesn't exist: 'login_screen.dart' - lib\screens\dashboard\intro_dashboard.dart:7:8 - uri_does_not_exist
  error - Target of URI doesn't exist: 'register_screen.dart' - lib\screens\dashboard\intro_dashboard.dart:8:8 - uri_does_not_exist
  error - The name 'LoginScreen' isn't a class - lib\screens\dashboard\intro_dashboard.dart:84:77 - creation_with_non_type
  error - The name 'RegisterScreen' isn't a class - lib\screens\dashboard\intro_dashboard.dart:97:77 - creation_with_non_type
  error - Target of URI doesn't exist: 'notification_screen.dart' - lib\screens\profile\partner_profile_screen.dart:5:8 - uri_does_not_exist
  error - The name 'NotificationScreen' isn't a class - lib\screens\profile\partner_profile_screen.dart:40:47 - creation_with_non_type

